  edge_cases:
      1. ✗ [31mUnclosed property[0m[31m -- Warning: Slow parse rate (88.561 bytes/ms)[0m
      2. ✗ [31mEmpty property[0m
      3. ✗ [31mProperty with only format[0m
      4. ✗ [31mMultiple open braces[0m
      5. ✗ [31mLiteral braces not forming properties[0m
      6. ✗ [31mMixed valid and invalid[0m
      7. ✗ [31mProperties at boundaries[0m
      8. ✗ [31mAdjacent properties[0m
      9. ✗ [31mUnicode in literal text[0m
     10. ✗ [31mEscaped characters in literal[0m
  go_templates:
     11. ✗ [31mSimple Go template[0m
     12. ✗ [31mGo template without dot[0m
     13. ✗ [31mGo template with dotted name[0m
     14. ✗ [31mGo template numeric index[0m
     15. ✗ [31mBuilt-in property simple[0m
     16. ✗ [31mBuilt-in property with format[0m
  properties:
     17. ✗ [31mSimple property[0m
     18. ✗ [31mMultiple properties[0m
     19. ✗ [31mProperty with format[0m
     20. ✗ [31mProperty with capture hint @[0m
     21. ✗ [31mProperty with scalar hint $[0m
     22. ✗ [31mNumeric indexed properties[0m
     23. ✗ [31mDotted OTEL property[0m
     24. ✗ [31mComplex format specifier[0m

24 failures:

correct / [32mexpected[0m / [31munexpected[0m

  1. Unclosed property:

    (template
[31m      (text_chunk)
[0m[31m      (property
[0m[31m        (identifier)
[0m[31m        (MISSING "}"))
[0m[31m      (text_chunk))[0m
[32m      (literal_text))[0m


  2. Empty property:

    (template
[31m      (text_chunk)
[0m[32m      (literal_text)
[0m      (property)
[31m      (text_chunk))[0m
[32m      (literal_text))[0m


  3. Property with only format:

    (template
[31m      (text_chunk)
[0m[32m      (literal_text)
[0m      (property
[31m        (format_spec))
[0m[31m      (text_chunk))[0m
[32m        format: (format_spec
[0m[32m          format_string: (identifier))))[0m


  4. Multiple open braces:

    (template
[31m      (text_chunk)
[0m[31m      (ERROR)
[0m[31m      (text_chunk))[0m
[32m      (go_property)
[0m[32m      (go_property))[0m


  5. Literal braces not forming properties:

    (template
[31m      (text_chunk)
[0m[31m      (property
[0m[31m        (MISSING "}"))
[0m[31m      (text_chunk)
[0m[31m      (property
[0m[31m        (MISSING "}")))))(text_chunk)[0m
[32m      (literal_text))[0m


  6. Mixed valid and invalid:

    (template
[31m      (text_chunk)
[0m[32m      (literal_text)
[0m      (property
        name: (identifier))
[31m      (text_chunk)
[0m[31m      (property
[0m[31m        (MISSING "}"))
[0m[31m      (text_chunk)
[0m[32m      (literal_text)
[0m      (go_property
[31m        name: (identifier))
[0m[31m      (text_chunk))[0m
[32m        name: (identifier)))[0m


  7. Properties at boundaries:

    (template
[31m      (text_chunk)
[0m      (property
        name: (identifier))
[31m      (text_chunk)
[0m[32m      (literal_text)
[0m      (property
[31m        name: (identifier))
[0m[31m      (text_chunk))[0m
[32m        name: (identifier)))[0m


  8. Adjacent properties:

    (template
[31m      (text_chunk)
[0m      (property
        name: (identifier))
      (property
        name: (identifier))
      (property
[31m        name: (identifier))
[0m[31m      (text_chunk))[0m
[32m        name: (identifier)))[0m


  9. Unicode in literal text:

    (template
[31m      (text_chunk)
[0m[32m      (literal_text)
[0m      (property
        name: (identifier))
[31m      (text_chunk))[0m
[32m      (literal_text))[0m


  10. Escaped characters in literal:

    (template
[31m      (text_chunk)
[0m[32m      (literal_text)
[0m      (property
        name: (identifier))
[31m      (text_chunk))[0m
[32m      (literal_text))[0m


  11. Simple Go template:

    (template
[31m      (text_chunk)
[0m[32m      (literal_text)
[0m      (go_property
        name: (identifier))
[31m      (text_chunk))[0m
[32m      (literal_text))[0m


  12. Go template without dot:

    (template
[31m      (text_chunk)
[0m[32m      (literal_text)
[0m      (go_property
        name: (identifier))
[31m      (text_chunk))[0m
[32m      (literal_text))[0m


  13. Go template with dotted name:

    (template
[31m      (text_chunk)
[0m[32m      (literal_text)
[0m      (go_property
        name: (dotted_name
          (identifier)
          (identifier)))
[31m      (text_chunk)
[0m[32m      (literal_text)
[0m      (go_property
        name: (dotted_name
          (identifier)
[31m          (identifier)))
[0m[31m      (text_chunk))[0m
[32m          (identifier))))[0m


  14. Go template numeric index:

    (template
[31m      (text_chunk)
[0m[32m      (literal_text)
[0m      (go_property
        name: (numeric_index))
[31m      (text_chunk)
[0m[32m      (literal_text)
[0m      (go_property
[31m        name: (numeric_index))
[0m[31m      (text_chunk))[0m
[32m        name: (numeric_index)))[0m


  15. Built-in property simple:

    (template
[31m      (text_chunk)
[0m      (builtin_property
        name: (identifier))
[31m      (text_chunk)
[0m[32m      (literal_text)
[0m      (builtin_property
        name: (identifier))
[31m      (text_chunk)
[0m[32m      (literal_text)
[0m      (builtin_property
[31m        name: (identifier))
[0m[31m      (text_chunk))[0m
[32m        name: (identifier)))[0m


  16. Built-in property with format:

    (template
[31m      (text_chunk)
[0m[32m      (literal_text)
[0m      (builtin_property
        name: (identifier)
[31m        (format_spec))
[0m[31m      (text_chunk)
[0m[32m        format: (format_spec
[0m[32m          format_string: (identifier)))
[0m[32m      (literal_text)
[0m      (builtin_property
        name: (identifier)
[31m        (format_spec))
[0m[31m      (text_chunk)
[0m[32m        format: (format_spec
[0m[32m          format_string: (identifier)))
[0m[32m      (literal_text)
[0m      (builtin_property
[31m        name: (identifier))
[0m[31m      (text_chunk))[0m
[32m        name: (identifier)))[0m


  17. Simple property:

    (template
[31m      (text_chunk)
[0m[32m      (literal_text)
[0m      (property
        name: (identifier))
[31m      (text_chunk))[0m
[32m      (literal_text))[0m


  18. Multiple properties:

    (template
[31m      (text_chunk)
[0m[32m      (literal_text)
[0m      (property
        name: (identifier))
[31m      (text_chunk)
[0m[32m      (literal_text)
[0m      (property
        name: (identifier))
[31m      (text_chunk)
[0m[32m      (literal_text)
[0m      (property
[31m        name: (identifier))
[0m[31m      (text_chunk))[0m
[32m        name: (identifier)))[0m


  19. Property with format:

    (template
[31m      (text_chunk)
[0m[32m      (literal_text)
[0m      (property
        name: (identifier)
[31m        (format_spec))
[0m[31m      (text_chunk))[0m
[32m        format: (format_spec
[0m[32m          format_string: (identifier)))
[0m[32m      (literal_text))[0m


  20. Property with capture hint @:

    (template
[31m      (text_chunk)
[0m[32m      (literal_text)
[0m      (property
[31m        name: (identifier))
[0m[31m      (text_chunk))[0m
[32m        hint: 
[0m[32m          name: (identifier))
[0m[32m        (literal_text))[0m


  21. Property with scalar hint $:

    (template
[31m      (text_chunk)
[0m[32m      (literal_text)
[0m      (property
[31m        name: (identifier))
[0m[31m      (text_chunk))[0m
[32m        hint: 
[0m[32m          name: (identifier)))[0m


  22. Numeric indexed properties:

    (template
[31m      (text_chunk)
[0m[32m      (literal_text)
[0m      (property
        name: (numeric_index))
[31m      (text_chunk)
[0m[32m      (literal_text)
[0m      (property
        name: (numeric_index))
[31m      (text_chunk))[0m
[32m      (literal_text))[0m


  23. Dotted OTEL property:

    (template
[31m      (text_chunk)
[0m[32m      (literal_text)
[0m      (property
        name: (dotted_name
          (identifier)
          (identifier)))
[31m      (text_chunk)
[0m[32m      (literal_text)
[0m      (property
        name: (dotted_name
          (identifier)
          (identifier)))
[31m      (text_chunk)
[0m[32m      (literal_text)
[0m      (property
        name: (dotted_name
          (identifier)
[31m          (identifier)))
[0m[31m      (text_chunk))[0m
[32m          (identifier))))[0m


  24. Complex format specifier:

    (template
[31m      (text_chunk)
[0m[32m      (literal_text)
[0m      (property
        name: (identifier)
[31m        (format_spec))
[0m[31m      (text_chunk))[0m
[32m        format: (format_spec
[0m[32m          format_string: (identifier))))[0m

